// Jest Snapshot v1, https://goo.gl/fbAQLP

exports[`Notecard container should match component snapshot 1`] = `
<NavLink
  activeClassName="active"
  exact={true}
  style={
    Object {
      "textDecoration": "none",
    }
  }
  to="/notes/1"
>
  <article
    className="note-card"
    style={
      Object {
        "background": "white",
      }
    }
  >
    <h3>
      Mock Note
    </h3>
    <ul
      className="note-items"
    >
      <ListItem
        item={
          Object {
            "body": "take out trash",
            "completed": false,
            "id": "1",
          }
        }
        key="1"
        updateListItems={[Function]}
      />
      <ListItem
        item={
          Object {
            "body": "wash dishes",
            "completed": false,
            "id": "2",
          }
        }
        key="2"
        updateListItems={[Function]}
      />
      <p>
        Completed
      </p>
      <hr />
    </ul>
    <div
      className="svg-container"
    >
      <div
        className="color-svgs"
      >
        <i
          className="fas fa-circle white"
          data-color="white"
          onClick={[Function]}
        />
        <i
          className="fas fa-circle blue"
          data-color="#40c3ff"
          onClick={[Function]}
        />
        <i
          className="fas fa-circle red"
          data-color="#ff6d3f"
          onClick={[Function]}
        />
        <i
          className="fas fa-circle yellow"
          data-color="#fcf296"
          onClick={[Function]}
        />
      </div>
      <div>
        <i
          className="fas fa-trash-alt"
          onClick={[Function]}
        />
      </div>
    </div>
  </article>
</NavLink>
`;
